// Vitest Snapshot v1

exports[`CommonFooter > renders all elements properly 1`] = `
"<footer class=\\"mx-4 h-20 flex items-center rounded-xl mb-5 flex-wrap flex-row bg-white fixed inset-x-0 bottom-0 drop-shadow-lg border border-gray-2\\">
  <div class=\\"w-1/5 text-center\\"><img src=\\"/icons/Home.svg\\" class=\\"m-auto\\" alt=\\"\\"><span class=\\"text-xxs text-black block mb-1 font-bold\\"> HOME </span></div>
  <div class=\\"w-1/5 text-center\\"><img src=\\"/icons/Food.svg\\" class=\\"m-auto\\" alt=\\"\\"><span class=\\"text-xxs text-black block mb-1 font-bold\\"> FOOD </span></div><!-- + icon --><img src=\\"/icons/LargeAddBtn.svg\\" alt=\\"\\" class=\\"w-1/5 absolute bottom-5 left-[135px]\\">
  <div class=\\"w-1/5 text-center\\"><span class=\\"hidden\\"></span></div>
  <div class=\\"w-1/5 text-center\\"><img src=\\"/icons/Menu.svg\\" class=\\"m-auto\\" alt=\\"\\"><span class=\\"text-xxs text-black block mb-1 font-bold\\"> MENU </span></div>
  <div class=\\"w-1/5 text-center\\"><img src=\\"/icons/Profile.svg\\" class=\\"m-auto\\" alt=\\"\\"><span class=\\"text-xxs text-black block mb-1 font-bold\\"> PROFILE </span></div>
</footer>"
`;
